---
source: crates/nits-review-core/tests/render.rs
expression: r
---
{
  "content": {
    "type": "Text",
    "total_rows": 3,
    "chunk_rows": 500,
    "chunk_count": 1,
    "highlighted": false,
    "additions": 2,
    "deletions": 2,
    "gaps": []
  },
  "rows": [
    {
      "type": "HunkHeader",
      "text": "@@ -1,2 +1,2 @@"
    },
    {
      "type": "Modified",
      "left": {
        "line_no": 1,
        "text": "one",
        "ending": "Lf",
        "spans": [],
        "changed": []
      },
      "right": {
        "line_no": 1,
        "text": "one",
        "ending": "CrLf",
        "spans": [],
        "changed": []
      }
    },
    {
      "type": "Modified",
      "left": {
        "line_no": 2,
        "text": "two",
        "ending": "Lf",
        "spans": [],
        "changed": []
      },
      "right": {
        "line_no": 2,
        "text": "two",
        "ending": "CrLf",
        "spans": [],
        "changed": []
      }
    }
  ]
}
