---
source: crates/nits-review-core/tests/render.rs
expression: r
---
{
  "content": {
    "type": "Text",
    "total_rows": 25,
    "chunk_rows": 500,
    "chunk_count": 1,
    "highlighted": true,
    "additions": 0,
    "deletions": 24,
    "gaps": []
  },
  "rows": [
    {
      "type": "HunkHeader",
      "text": "@@ -1,24 +0,0 @@"
    },
    {
      "type": "Removed",
      "left": {
        "line_no": 1,
        "text": "use std::fmt;",
        "ending": "Lf",
        "spans": [
          {
            "range": {
              "start": 0,
              "end": 3
            },
            "class": "Keyword"
          },
          {
            "range": {
              "start": 7,
              "end": 9
            },
            "class": "Punctuation"
          },
          {
            "range": {
              "start": 12,
              "end": 13
            },
            "class": "Punctuation"
          }
        ],
        "changed": []
      }
    },
    {
      "type": "Removed",
      "left": {
        "line_no": 2,
        "text": "",
        "ending": "Lf",
        "spans": [],
        "changed": []
      }
    },
    {
      "type": "Removed",
      "left": {
        "line_no": 3,
        "text": "fn main() {",
        "ending": "Lf",
        "spans": [
          {
            "range": {
              "start": 0,
              "end": 2
            },
            "class": "Keyword"
          },
          {
            "range": {
              "start": 3,
              "end": 7
            },
            "class": "Function"
          },
          {
            "range": {
              "start": 7,
              "end": 9
            },
            "class": "Punctuation"
          },
          {
            "range": {
              "start": 10,
              "end": 11
            },
            "class": "Punctuation"
          }
        ],
        "changed": []
      }
    },
    {
      "type": "Removed",
      "left": {
        "line_no": 4,
        "text": "    let x = 1;",
        "ending": "Lf",
        "spans": [
          {
            "range": {
              "start": 4,
              "end": 7
            },
            "class": "Keyword"
          },
          {
            "range": {
              "start": 10,
              "end": 11
            },
            "class": "Operator"
          },
          {
            "range": {
              "start": 12,
              "end": 13
            },
            "class": "Number"
          },
          {
            "range": {
              "start": 13,
              "end": 14
            },
            "class": "Punctuation"
          }
        ],
        "changed": []
      }
    },
    {
      "type": "Removed",
      "left": {
        "line_no": 5,
        "text": "    let y = 2;",
        "ending": "Lf",
        "spans": [
          {
            "range": {
              "start": 4,
              "end": 7
            },
            "class": "Keyword"
          },
          {
            "range": {
              "start": 10,
              "end": 11
            },
            "class": "Operator"
          },
          {
            "range": {
              "start": 12,
              "end": 13
            },
            "class": "Number"
          },
          {
            "range": {
              "start": 13,
              "end": 14
            },
            "class": "Punctuation"
          }
        ],
        "changed": []
      }
    },
    {
      "type": "Removed",
      "left": {
        "line_no": 6,
        "text": "    println!(\"{}\", x + y);",
        "ending": "Lf",
        "spans": [
          {
            "range": {
              "start": 4,
              "end": 12
            },
            "class": "Constant"
          },
          {
            "range": {
              "start": 12,
              "end": 14
            },
            "class": "Punctuation"
          },
          {
            "range": {
              "start": 14,
              "end": 16
            },
            "class": "Constant"
          },
          {
            "range": {
              "start": 16,
              "end": 18
            },
            "class": "Punctuation"
          },
          {
            "range": {
              "start": 21,
              "end": 22
            },
            "class": "Operator"
          },
          {
            "range": {
              "start": 24,
              "end": 26
            },
            "class": "Punctuation"
          }
        ],
        "changed": []
      }
    },
    {
      "type": "Removed",
      "left": {
        "line_no": 7,
        "text": "}",
        "ending": "Lf",
        "spans": [
          {
            "range": {
              "start": 0,
              "end": 1
            },
            "class": "Punctuation"
          }
        ],
        "changed": []
      }
    },
    {
      "type": "Removed",
      "left": {
        "line_no": 8,
        "text": "",
        "ending": "Lf",
        "spans": [],
        "changed": []
      }
    },
    {
      "type": "Removed",
      "left": {
        "line_no": 9,
        "text": "fn helper(a: u32) -> u32 {",
        "ending": "Lf",
        "spans": [
          {
            "range": {
              "start": 0,
              "end": 2
            },
            "class": "Keyword"
          },
          {
            "range": {
              "start": 3,
              "end": 9
            },
            "class": "Function"
          },
          {
            "range": {
              "start": 9,
              "end": 10
            },
            "class": "Punctuation"
          },
          {
            "range": {
              "start": 10,
              "end": 11
            },
            "class": "Variable"
          },
          {
            "range": {
              "start": 11,
              "end": 12
            },
            "class": "Punctuation"
          },
          {
            "range": {
              "start": 13,
              "end": 16
            },
            "class": "Keyword"
          },
          {
            "range": {
              "start": 16,
              "end": 17
            },
            "class": "Punctuation"
          },
          {
            "range": {
              "start": 18,
              "end": 20
            },
            "class": "Punctuation"
          },
          {
            "range": {
              "start": 21,
              "end": 24
            },
            "class": "Keyword"
          },
          {
            "range": {
              "start": 25,
              "end": 26
            },
            "class": "Punctuation"
          }
        ],
        "changed": []
      }
    },
    {
      "type": "Removed",
      "left": {
        "line_no": 10,
        "text": "    a * 2",
        "ending": "Lf",
        "spans": [
          {
            "range": {
              "start": 6,
              "end": 7
            },
            "class": "Operator"
          },
          {
            "range": {
              "start": 8,
              "end": 9
            },
            "class": "Number"
          }
        ],
        "changed": []
      }
    },
    {
      "type": "Removed",
      "left": {
        "line_no": 11,
        "text": "}",
        "ending": "Lf",
        "spans": [
          {
            "range": {
              "start": 0,
              "end": 1
            },
            "class": "Punctuation"
          }
        ],
        "changed": []
      }
    },
    {
      "type": "Removed",
      "left": {
        "line_no": 12,
        "text": "",
        "ending": "Lf",
        "spans": [],
        "changed": []
      }
    },
    {
      "type": "Removed",
      "left": {
        "line_no": 13,
        "text": "fn unchanged_1() {}",
        "ending": "Lf",
        "spans": [
          {
            "range": {
              "start": 0,
              "end": 2
            },
            "class": "Keyword"
          },
          {
            "range": {
              "start": 3,
              "end": 14
            },
            "class": "Function"
          },
          {
            "range": {
              "start": 14,
              "end": 16
            },
            "class": "Punctuation"
          },
          {
            "range": {
              "start": 17,
              "end": 19
            },
            "class": "Punctuation"
          }
        ],
        "changed": []
      }
    },
    {
      "type": "Removed",
      "left": {
        "line_no": 14,
        "text": "fn unchanged_2() {}",
        "ending": "Lf",
        "spans": [
          {
            "range": {
              "start": 0,
              "end": 2
            },
            "class": "Keyword"
          },
          {
            "range": {
              "start": 3,
              "end": 14
            },
            "class": "Function"
          },
          {
            "range": {
              "start": 14,
              "end": 16
            },
            "class": "Punctuation"
          },
          {
            "range": {
              "start": 17,
              "end": 19
            },
            "class": "Punctuation"
          }
        ],
        "changed": []
      }
    },
    {
      "type": "Removed",
      "left": {
        "line_no": 15,
        "text": "fn unchanged_3() {}",
        "ending": "Lf",
        "spans": [
          {
            "range": {
              "start": 0,
              "end": 2
            },
            "class": "Keyword"
          },
          {
            "range": {
              "start": 3,
              "end": 14
            },
            "class": "Function"
          },
          {
            "range": {
              "start": 14,
              "end": 16
            },
            "class": "Punctuation"
          },
          {
            "range": {
              "start": 17,
              "end": 19
            },
            "class": "Punctuation"
          }
        ],
        "changed": []
      }
    },
    {
      "type": "Removed",
      "left": {
        "line_no": 16,
        "text": "fn unchanged_4() {}",
        "ending": "Lf",
        "spans": [
          {
            "range": {
              "start": 0,
              "end": 2
            },
            "class": "Keyword"
          },
          {
            "range": {
              "start": 3,
              "end": 14
            },
            "class": "Function"
          },
          {
            "range": {
              "start": 14,
              "end": 16
            },
            "class": "Punctuation"
          },
          {
            "range": {
              "start": 17,
              "end": 19
            },
            "class": "Punctuation"
          }
        ],
        "changed": []
      }
    },
    {
      "type": "Removed",
      "left": {
        "line_no": 17,
        "text": "fn unchanged_5() {}",
        "ending": "Lf",
        "spans": [
          {
            "range": {
              "start": 0,
              "end": 2
            },
            "class": "Keyword"
          },
          {
            "range": {
              "start": 3,
              "end": 14
            },
            "class": "Function"
          },
          {
            "range": {
              "start": 14,
              "end": 16
            },
            "class": "Punctuation"
          },
          {
            "range": {
              "start": 17,
              "end": 19
            },
            "class": "Punctuation"
          }
        ],
        "changed": []
      }
    },
    {
      "type": "Removed",
      "left": {
        "line_no": 18,
        "text": "fn unchanged_6() {}",
        "ending": "Lf",
        "spans": [
          {
            "range": {
              "start": 0,
              "end": 2
            },
            "class": "Keyword"
          },
          {
            "range": {
              "start": 3,
              "end": 14
            },
            "class": "Function"
          },
          {
            "range": {
              "start": 14,
              "end": 16
            },
            "class": "Punctuation"
          },
          {
            "range": {
              "start": 17,
              "end": 19
            },
            "class": "Punctuation"
          }
        ],
        "changed": []
      }
    },
    {
      "type": "Removed",
      "left": {
        "line_no": 19,
        "text": "fn unchanged_7() {}",
        "ending": "Lf",
        "spans": [
          {
            "range": {
              "start": 0,
              "end": 2
            },
            "class": "Keyword"
          },
          {
            "range": {
              "start": 3,
              "end": 14
            },
            "class": "Function"
          },
          {
            "range": {
              "start": 14,
              "end": 16
            },
            "class": "Punctuation"
          },
          {
            "range": {
              "start": 17,
              "end": 19
            },
            "class": "Punctuation"
          }
        ],
        "changed": []
      }
    },
    {
      "type": "Removed",
      "left": {
        "line_no": 20,
        "text": "fn unchanged_8() {}",
        "ending": "Lf",
        "spans": [
          {
            "range": {
              "start": 0,
              "end": 2
            },
            "class": "Keyword"
          },
          {
            "range": {
              "start": 3,
              "end": 14
            },
            "class": "Function"
          },
          {
            "range": {
              "start": 14,
              "end": 16
            },
            "class": "Punctuation"
          },
          {
            "range": {
              "start": 17,
              "end": 19
            },
            "class": "Punctuation"
          }
        ],
        "changed": []
      }
    },
    {
      "type": "Removed",
      "left": {
        "line_no": 21,
        "text": "",
        "ending": "Lf",
        "spans": [],
        "changed": []
      }
    },
    {
      "type": "Removed",
      "left": {
        "line_no": 22,
        "text": "fn tail() -> bool {",
        "ending": "Lf",
        "spans": [
          {
            "range": {
              "start": 0,
              "end": 2
            },
            "class": "Keyword"
          },
          {
            "range": {
              "start": 3,
              "end": 7
            },
            "class": "Function"
          },
          {
            "range": {
              "start": 7,
              "end": 9
            },
            "class": "Punctuation"
          },
          {
            "range": {
              "start": 10,
              "end": 12
            },
            "class": "Punctuation"
          },
          {
            "range": {
              "start": 13,
              "end": 17
            },
            "class": "Keyword"
          },
          {
            "range": {
              "start": 18,
              "end": 19
            },
            "class": "Punctuation"
          }
        ],
        "changed": []
      }
    },
    {
      "type": "Removed",
      "left": {
        "line_no": 23,
        "text": "    true",
        "ending": "Lf",
        "spans": [
          {
            "range": {
              "start": 4,
              "end": 8
            },
            "class": "Constant"
          }
        ],
        "changed": []
      }
    },
    {
      "type": "Removed",
      "left": {
        "line_no": 24,
        "text": "}",
        "ending": "Lf",
        "spans": [
          {
            "range": {
              "start": 0,
              "end": 1
            },
            "class": "Punctuation"
          }
        ],
        "changed": []
      }
    }
  ]
}
