---
source: crates/nits-review-core/tests/render.rs
expression: r
---
{
  "content": {
    "type": "Text",
    "total_rows": 4,
    "chunk_rows": 500,
    "chunk_count": 1,
    "highlighted": true,
    "additions": 1,
    "deletions": 1,
    "gaps": []
  },
  "rows": [
    {
      "type": "HunkHeader",
      "text": "@@ -1,3 +1,3 @@"
    },
    {
      "type": "Context",
      "left": {
        "line_no": 1,
        "text": "fn a() {",
        "ending": "Lf",
        "spans": [
          {
            "range": {
              "start": 0,
              "end": 2
            },
            "class": "Keyword"
          },
          {
            "range": {
              "start": 3,
              "end": 4
            },
            "class": "Function"
          },
          {
            "range": {
              "start": 4,
              "end": 6
            },
            "class": "Punctuation"
          },
          {
            "range": {
              "start": 7,
              "end": 8
            },
            "class": "Punctuation"
          }
        ],
        "changed": []
      },
      "right": {
        "line_no": 1,
        "text": "fn a() {",
        "ending": "Lf",
        "spans": [
          {
            "range": {
              "start": 0,
              "end": 2
            },
            "class": "Keyword"
          },
          {
            "range": {
              "start": 3,
              "end": 4
            },
            "class": "Function"
          },
          {
            "range": {
              "start": 4,
              "end": 6
            },
            "class": "Punctuation"
          },
          {
            "range": {
              "start": 7,
              "end": 8
            },
            "class": "Punctuation"
          }
        ],
        "changed": []
      }
    },
    {
      "type": "Modified",
      "left": {
        "line_no": 2,
        "text": "    x();",
        "ending": "Lf",
        "spans": [
          {
            "range": {
              "start": 4,
              "end": 5
            },
            "class": "Function"
          },
          {
            "range": {
              "start": 5,
              "end": 8
            },
            "class": "Punctuation"
          }
        ],
        "changed": [
          {
            "start": 0,
            "end": 4
          }
        ]
      },
      "right": {
        "line_no": 2,
        "text": "\tx();",
        "ending": "Lf",
        "spans": [
          {
            "range": {
              "start": 1,
              "end": 2
            },
            "class": "Function"
          },
          {
            "range": {
              "start": 2,
              "end": 5
            },
            "class": "Punctuation"
          }
        ],
        "changed": [
          {
            "start": 0,
            "end": 1
          }
        ]
      }
    },
    {
      "type": "Context",
      "left": {
        "line_no": 3,
        "text": "}",
        "ending": "Lf",
        "spans": [
          {
            "range": {
              "start": 0,
              "end": 1
            },
            "class": "Punctuation"
          }
        ],
        "changed": []
      },
      "right": {
        "line_no": 3,
        "text": "}",
        "ending": "Lf",
        "spans": [
          {
            "range": {
              "start": 0,
              "end": 1
            },
            "class": "Punctuation"
          }
        ],
        "changed": []
      }
    }
  ]
}
